WARNING: Unused class GR (/Users/hohn/local/codeql-javascript-multiflow/solutions/DefUseSample.ql:53,7-9)
nodes
| sample-utility-0.js:5:6:5:39 | value |
| sample-utility-0.js:5:14:5:39 | this.ge ... value') |
| sample-utility-0.js:5:14:5:39 | this.ge ... value') |
| sample-utility-0.js:17:27:17:31 | value |
| sample-utility-0.js:18:6:18:7 | ua |
| sample-utility-0.js:18:6:18:7 | ua |
| sample-utility-1.js:2:9:2:42 | value |
| sample-utility-1.js:2:17:2:42 | this.ge ... value') |
| sample-utility-1.js:2:17:2:42 | this.ge ... value') |
| sample-utility-1.js:14:23:14:27 | value |
| sample-utility-1.js:15:2:15:3 | ua |
| sample-utility-1.js:15:2:15:3 | ua |
edges
| sample-utility-0.js:5:6:5:39 | value | sample-utility-0.js:17:27:17:31 | value |
| sample-utility-0.js:5:14:5:39 | this.ge ... value') | sample-utility-0.js:5:6:5:39 | value |
| sample-utility-0.js:5:14:5:39 | this.ge ... value') | sample-utility-0.js:5:6:5:39 | value |
| sample-utility-0.js:17:27:17:31 | value | sample-utility-0.js:17:27:17:31 | value |
| sample-utility-0.js:17:27:17:31 | value | sample-utility-0.js:18:6:18:7 | ua |
| sample-utility-0.js:17:27:17:31 | value | sample-utility-0.js:18:6:18:7 | ua |
| sample-utility-1.js:2:9:2:42 | value | sample-utility-1.js:14:23:14:27 | value |
| sample-utility-1.js:2:17:2:42 | this.ge ... value') | sample-utility-1.js:2:9:2:42 | value |
| sample-utility-1.js:2:17:2:42 | this.ge ... value') | sample-utility-1.js:2:9:2:42 | value |
| sample-utility-1.js:14:23:14:27 | value | sample-utility-1.js:14:23:14:27 | value |
| sample-utility-1.js:14:23:14:27 | value | sample-utility-1.js:15:2:15:3 | ua |
| sample-utility-1.js:14:23:14:27 | value | sample-utility-1.js:15:2:15:3 | ua |
#select
| sample-utility-0.js:18:6:18:7 | ua | sample-utility-0.js:5:14:5:39 | this.ge ... value') | sample-utility-0.js:18:6:18:7 | ua | Data flow from $@ to $@. | sample-utility-0.js:5:14:5:39 | this.ge ... value') | this.ge ... value') | sample-utility-0.js:18:6:18:7 | ua | ua |
| sample-utility-1.js:15:2:15:3 | ua | sample-utility-1.js:2:17:2:42 | this.ge ... value') | sample-utility-1.js:15:2:15:3 | ua | Data flow from $@ to $@. | sample-utility-1.js:2:17:2:42 | this.ge ... value') | this.ge ... value') | sample-utility-1.js:15:2:15:3 | ua | ua |
