WARNING: Unused predicate uSink (/Users/hohn/local/codeql-javascript-multiflow/solutions/IdentifyFlowSink.ql:16,11-16)
WARNING: Unused predicate uSource (/Users/hohn/local/codeql-javascript-multiflow/solutions/IdentifyFlowSink.ql:11,11-18)
WARNING: Unused variable lbl (/Users/hohn/local/codeql-javascript-multiflow/solutions/IdentifyFlowSink.ql:32,70-73)
WARNING: Unused variable lbl (/Users/hohn/local/codeql-javascript-multiflow/solutions/IdentifyFlowSink.ql:40,68-71)
nodes
| add-user.js:16:11:26:10 | db |
| add-user.js:16:11:26:10 | db |
| add-user.js:16:11:26:10 | db |
| add-user.js:16:16:26:10 | new sql ...      }) |
| add-user.js:16:16:26:10 | new sql ...      }) |
| add-user.js:16:16:26:10 | new sql ...      }) |
| add-user.js:16:16:26:10 | new sql ...      }) |
| add-user.js:28:12:28:13 | db |
| add-user.js:28:12:28:13 | db |
| add-user.js:28:12:28:13 | db |
| add-user.js:31:21:31:22 | db |
| add-user.js:31:21:31:22 | db |
| add-user.js:31:21:31:22 | db |
| add-user.js:35:5:35:6 | db |
| add-user.js:35:5:35:6 | db |
| add-user.js:35:5:35:6 | db |
| add-user.js:35:5:35:6 | db |
| add-user.js:43:9:43:25 | db |
| add-user.js:43:9:43:25 | db |
| add-user.js:43:9:43:25 | db |
| add-user.js:43:14:43:25 | connect_db() |
| add-user.js:43:14:43:25 | connect_db() |
| add-user.js:43:14:43:25 | connect_db() |
| add-user.js:44:16:44:17 | db |
| add-user.js:44:16:44:17 | db |
| add-user.js:44:16:44:17 | db |
edges
| add-user.js:16:11:26:10 | db | add-user.js:28:12:28:13 | db |
| add-user.js:16:11:26:10 | db | add-user.js:28:12:28:13 | db |
| add-user.js:16:11:26:10 | db | add-user.js:28:12:28:13 | db |
| add-user.js:16:16:26:10 | new sql ...      }) | add-user.js:16:11:26:10 | db |
| add-user.js:16:16:26:10 | new sql ...      }) | add-user.js:16:11:26:10 | db |
| add-user.js:16:16:26:10 | new sql ...      }) | add-user.js:16:11:26:10 | db |
| add-user.js:16:16:26:10 | new sql ...      }) | add-user.js:16:11:26:10 | db |
| add-user.js:16:16:26:10 | new sql ...      }) | add-user.js:16:11:26:10 | db |
| add-user.js:16:16:26:10 | new sql ...      }) | add-user.js:16:11:26:10 | db |
| add-user.js:28:12:28:13 | db | add-user.js:43:14:43:25 | connect_db() |
| add-user.js:28:12:28:13 | db | add-user.js:43:14:43:25 | connect_db() |
| add-user.js:28:12:28:13 | db | add-user.js:43:14:43:25 | connect_db() |
| add-user.js:31:21:31:22 | db | add-user.js:35:5:35:6 | db |
| add-user.js:31:21:31:22 | db | add-user.js:35:5:35:6 | db |
| add-user.js:31:21:31:22 | db | add-user.js:35:5:35:6 | db |
| add-user.js:31:21:31:22 | db | add-user.js:35:5:35:6 | db |
| add-user.js:31:21:31:22 | db | add-user.js:35:5:35:6 | db |
| add-user.js:31:21:31:22 | db | add-user.js:35:5:35:6 | db |
| add-user.js:43:9:43:25 | db | add-user.js:44:16:44:17 | db |
| add-user.js:43:9:43:25 | db | add-user.js:44:16:44:17 | db |
| add-user.js:43:9:43:25 | db | add-user.js:44:16:44:17 | db |
| add-user.js:43:14:43:25 | connect_db() | add-user.js:43:9:43:25 | db |
| add-user.js:43:14:43:25 | connect_db() | add-user.js:43:9:43:25 | db |
| add-user.js:43:14:43:25 | connect_db() | add-user.js:43:9:43:25 | db |
| add-user.js:44:16:44:17 | db | add-user.js:31:21:31:22 | db |
| add-user.js:44:16:44:17 | db | add-user.js:31:21:31:22 | db |
| add-user.js:44:16:44:17 | db | add-user.js:31:21:31:22 | db |
#select
| add-user.js:35:5:35:6 | db | add-user.js:16:16:26:10 | new sql ...      }) | add-user.js:35:5:35:6 | db | Database originating $@ | add-user.js:16:16:26:10 | new sql ...      }) | here |
